[0m16:32:34.706421 [debug] [MainThread]: Sending event: {'category': 'dbt', 'action': 'invocation', 'label': 'start', 'context': [<snowplow_tracker.self_describing_json.SelfDescribingJson object at 0x000001EC8BC8DFD0>, <snowplow_tracker.self_describing_json.SelfDescribingJson object at 0x000001EC89890B90>, <snowplow_tracker.self_describing_json.SelfDescribingJson object at 0x000001EC8E5539D0>]}


============================== 16:32:34.717046 | 22e16193-0349-4409-a47e-a718e963f22f ==============================
[0m16:32:34.717046 [info ] [MainThread]: Running with dbt=1.12.3
[0m16:32:34.718597 [debug] [MainThread]: running dbt with arguments {'maximum_seed_size_mib': '1', 'no_print': 'None', 'static_parser': 'True', 'warn_error_options': 'WarnErrorOptionsV2(error=[], warn=[], silence=[])', 'version_check': 'True', 'target_path': 'None', 'printer_width': '80', 'write_json': 'True', 'introspect': 'True', 'log_cache_events': 'False', 'empty': 'None', 'cache_selected_only': 'False', 'fail_fast': 'False', 'debug': 'False', 'log_format': 'default', 'profiles_dir': 'C:\\Users\\User\\.dbt', 'send_anonymous_usage_stats': 'True', 'quiet': 'False', 'warn_error': 'None', 'partial_parse': 'True', 'indirect_selection': 'eager', 'hints_enabled': 'True', 'invocation_command': 'dbt init fintech_dbt', 'use_experimental_parser': 'False', 'use_colors': 'True', 'log_path': 'logs'}
[0m16:32:34.785391 [info ] [MainThread]: Creating dbt configuration folder at C:\Users\User\.dbt
[0m16:32:34.792978 [debug] [MainThread]: Starter project path: C:\Users\User\fintech-elt-pipeline\venv\Lib\site-packages\dbt\include\starter_project
[0m16:32:35.461779 [info ] [MainThread]: Setting up your profile.
[0m16:32:43.253600 [debug] [MainThread]: Spark adapter: Setting pyhive.hive logging to ERROR
[0m16:32:43.254271 [debug] [MainThread]: Spark adapter: Setting thrift.transport logging to ERROR
[0m16:32:43.254744 [debug] [MainThread]: Spark adapter: Setting thrift.protocol logging to ERROR
[0m16:39:12.228043 [info ] [MainThread]: Profile fintech_dbt written to C:\Users\User\.dbt\profiles.yml using target's profile_template.yml and your supplied values.
[0m16:39:12.235846 [info ] [MainThread]: Running dbt debug to validate the project...
[0m16:39:12.237076 [info ] [MainThread]: dbt version: 1.12.3
[0m16:39:12.237888 [info ] [MainThread]: python version: 3.14.4
[0m16:39:12.238676 [info ] [MainThread]: python path: C:\Users\User\fintech-elt-pipeline\venv\Scripts\python.exe
[0m16:39:12.239494 [info ] [MainThread]: os info: Windows-11-10.0.22621-SP0
[0m16:39:12.412673 [info ] [MainThread]: Using profiles dir at C:\Users\User\.dbt
[0m16:39:12.414271 [info ] [MainThread]: Using profiles.yml file at C:\Users\User\.dbt\profiles.yml
[0m16:39:12.418401 [info ] [MainThread]: Using dbt_project.yml file at C:\Users\User\fintech-elt-pipeline\fintech_dbt\dbt_project.yml
[0m16:39:12.420662 [info ] [MainThread]: adapter type: databricks
[0m16:39:12.421674 [info ] [MainThread]: adapter version: 1.12.5
[0m16:39:12.622436 [info ] [MainThread]: Configuration:
[0m16:39:12.623248 [info ] [MainThread]:   profiles.yml file [[32mOK found and valid[0m]
[0m16:39:12.623995 [info ] [MainThread]:   dbt_project.yml file [[32mOK found and valid[0m]
[0m16:39:12.624925 [info ] [MainThread]: Required dependencies:
[0m16:39:12.626273 [debug] [MainThread]: Executing "git --help"
[0m16:39:12.934592 [debug] [MainThread]: STDOUT: "b"usage: git [-v | --version] [-h | --help] [-C <path>] [-c <name>=<value>]\n           [--exec-path[=<path>]] [--html-path] [--man-path] [--info-path]\n           [-p | --paginate | -P | --no-pager] [--no-replace-objects] [--bare]\n           [--git-dir=<path>] [--work-tree=<path>] [--namespace=<name>]\n           [--config-env=<name>=<envvar>] <command> [<args>]\n\nThese are common Git commands used in various situations:\n\nstart a working area (see also: git help tutorial)\n   clone     Clone a repository into a new directory\n   init      Create an empty Git repository or reinitialize an existing one\n\nwork on the current change (see also: git help everyday)\n   add       Add file contents to the index\n   mv        Move or rename a file, a directory, or a symlink\n   restore   Restore working tree files\n   rm        Remove files from the working tree and from the index\n\nexamine the history and state (see also: git help revisions)\n   bisect    Use binary search to find the commit that introduced a bug\n   diff      Show changes between commits, commit and working tree, etc\n   grep      Print lines matching a pattern\n   log       Show commit logs\n   show      Show various types of objects\n   status    Show the working tree status\n\ngrow, mark and tweak your common history\n   branch    List, create, or delete branches\n   commit    Record changes to the repository\n   merge     Join two or more development histories together\n   rebase    Reapply commits on top of another base tip\n   reset     Reset current HEAD to the specified state\n   switch    Switch branches\n   tag       Create, list, delete or verify a tag object signed with GPG\n\ncollaborate (see also: git help workflows)\n   fetch     Download objects and refs from another repository\n   pull      Fetch from and integrate with another repository or a local branch\n   push      Update remote refs along with associated objects\n\n'git help -a' and 'git help -g' list available subcommands and some\nconcept guides. See 'git help <command>' or 'git help <concept>'\nto read about a specific subcommand or concept.\nSee 'git help git' for an overview of the system.\n""
[0m16:39:12.936026 [debug] [MainThread]: STDERR: "b''"
[0m16:39:12.937234 [info ] [MainThread]:  - git [[32mOK found[0m]

[0m16:39:12.938459 [info ] [MainThread]: Connection:
[0m16:39:12.940317 [info ] [MainThread]:   host: dbc-5038f2f9-2187.cloud.databricks.com
[0m16:39:12.942375 [info ] [MainThread]:   http_path: /sql/1.0/warehouses/d70e11491ef23daf
[0m16:39:12.944658 [info ] [MainThread]:   catalog: workspace
[0m16:39:12.945623 [info ] [MainThread]:   schema: fintech
[0m16:39:12.947026 [info ] [MainThread]: Registered adapter: databricks=1.12.5
[0m16:39:14.265001 [debug] [MainThread]: Databricks adapter: DatabricksDBTConnection(session-id=None, name=debug) - Creating connection
[0m16:39:14.284404 [debug] [MainThread]: Acquiring new databricks connection 'debug'
[0m16:39:16.459654 [info ] [MainThread]: Databricks adapter:   SPOG host (host_type='workspace'): no
[0m16:39:16.460640 [info ] [MainThread]: Databricks adapter:   workspace_id (from ?o= in http_path): None
[0m16:39:16.461763 [info ] [MainThread]: Databricks adapter:   databricks-sql-connector version: 4.4.0 (supported)
[0m16:39:16.463245 [info ] [MainThread]: Databricks adapter:   databricks-sdk version: 0.117.0 (supported)
[0m16:39:16.464968 [debug] [MainThread]: Using databricks connection "debug"
[0m16:39:16.467108 [debug] [MainThread]: On debug: select 1 as id
[0m16:39:16.469057 [debug] [MainThread]: Opening a new connection, currently in state init
[0m16:39:19.254185 [error] [MainThread]: databricks-sql-connector adapter: ThriftBackend.attempt_request: Exception: 
[0m16:39:19.326102 [error] [MainThread]: Databricks adapter: Connection(session-id=Unknown) - Exception while trying to create connection: Error during request to server: : Invalid access token.. 
Error properties: attempt=1/30, bounded-retry-delay=None, elapsed-seconds=1.0139713287353516/900.0, error-message=: Invalid access token., http-code=403, method=OpenSession, no-retry-reason=non-retryable error, original-exception=, query-id=None, session-id=None
[0m16:39:19.327709 [debug] [MainThread]: Databricks adapter: Exception while trying to execute query
select 1 as id
: Database Error
  Error during request to server: : Invalid access token.. 
[0m16:39:19.328740 [debug] [MainThread]: On debug: No close available on handle
[0m16:39:19.330727 [info ] [MainThread]:   Connection test: [[31mERROR[0m]

[0m16:39:19.332842 [info ] [MainThread]: [31m1 check failed:[0m
[0m16:39:19.336361 [info ] [MainThread]: dbt was unable to connect to the specified database.
The database returned the following error:

  >Database Error
  Database Error
    Error during request to server: : Invalid access token.. 

Check your database credentials and try again. For more information, visit:
https://docs.getdbt.com/docs/configure-your-profile


[0m16:39:19.337867 [info ] [MainThread]: Your new dbt project "fintech_dbt" was created!
Initialized new project in C:\Users\User\fintech-elt-pipeline\fintech_dbt\fintech_dbt

For more information on how to configure the profiles.yml file,
please consult the dbt documentation here:

  https://docs.getdbt.com/docs/configure-your-profile

One more thing:

Need help? Don't hesitate to reach out to us via GitHub issues or on Slack:

  https://community.getdbt.com/

Happy modeling!

[0m16:39:19.338971 [info ] [MainThread]: [31mYour profile may need adjustments. You can find the logs of `dbt debug` above[0m
[0m16:39:19.342549 [debug] [MainThread]: Command `dbt init` succeeded at 16:39:19.342231 after 404.97 seconds
[0m16:39:19.343679 [debug] [MainThread]: Sending event: {'category': 'dbt', 'action': 'invocation', 'label': 'end', 'context': [<snowplow_tracker.self_describing_json.SelfDescribingJson object at 0x000001EC9B0789D0>, <snowplow_tracker.self_describing_json.SelfDescribingJson object at 0x000001EC9AFA1130>, <snowplow_tracker.self_describing_json.SelfDescribingJson object at 0x000001EC9AE3FCE0>]}
[0m16:39:19.344792 [debug] [MainThread]: Flushing usage events
[0m16:39:21.059281 [debug] [MainThread]: An error was encountered while trying to flush usage events
[0m16:54:15.465877 [debug] [MainThread]: Sending event: {'category': 'dbt', 'action': 'invocation', 'label': 'start', 'context': [<snowplow_tracker.self_describing_json.SelfDescribingJson object at 0x000001D158E7DFD0>, <snowplow_tracker.self_describing_json.SelfDescribingJson object at 0x000001D156A80B90>, <snowplow_tracker.self_describing_json.SelfDescribingJson object at 0x000001D15B7439D0>]}


============================== 16:54:15.473561 | a294907c-46a7-4d4f-b6be-6c716a7c1c18 ==============================
[0m16:54:15.473561 [info ] [MainThread]: Running with dbt=1.12.3
[0m16:54:15.474671 [debug] [MainThread]: running dbt with arguments {'version_check': 'True', 'no_print': 'None', 'maximum_seed_size_mib': '1', 'warn_error_options': 'WarnErrorOptionsV2(error=[], warn=[], silence=[])', 'static_parser': 'True', 'target_path': 'None', 'printer_width': '80', 'write_json': 'True', 'empty': 'None', 'log_cache_events': 'False', 'introspect': 'True', 'cache_selected_only': 'False', 'fail_fast': 'False', 'debug': 'False', 'log_format': 'default', 'partial_parse': 'True', 'send_anonymous_usage_stats': 'True', 'quiet': 'False', 'warn_error': 'None', 'profiles_dir': 'C:\\Users\\User\\.dbt', 'indirect_selection': 'eager', 'hints_enabled': 'True', 'use_colors': 'True', 'use_experimental_parser': 'False', 'invocation_command': 'dbt init fintech_dbt', 'log_path': 'logs'}
[0m16:54:15.525723 [info ] [MainThread]: A project called fintech_dbt already exists here.
[0m16:54:15.528359 [debug] [MainThread]: Command `dbt init` succeeded at 16:54:15.527843 after 0.35 seconds
[0m16:54:15.529358 [debug] [MainThread]: Sending event: {'category': 'dbt', 'action': 'invocation', 'label': 'end', 'context': [<snowplow_tracker.self_describing_json.SelfDescribingJson object at 0x000001D15B7E83E0>, <snowplow_tracker.self_describing_json.SelfDescribingJson object at 0x000001D15B5AAD50>, <snowplow_tracker.self_describing_json.SelfDescribingJson object at 0x000001D15B77EF10>]}
[0m16:54:15.531016 [debug] [MainThread]: Flushing usage events
[0m16:54:17.113621 [debug] [MainThread]: An error was encountered while trying to flush usage events
